// 同步 ID: 1e8c5c28 @ Wed Jul  8 16:38:37 UTC 2026
// 同步 ID: 2f88b5d4 @ Thu Jul  9 10:56:26 UTC 2026
// 重构日志: 2c82466d
// 重构日志: 9a29c32d
// 重构日志: bfc9a35a
// 重构日志: 5465cbb9
// 重构日志: c7af6151
// 重构日志: f76af0ac
// 重构日志: 262b8ad0
// 同步 ID: ed6c61af @ Fri Jul 17 16:43:39 UTC 2026
// 同步 ID: c3bd9930 @ Sat Jul 18 12:13:49 UTC 2026
// 重构日志: bfbc70e0
// 重构日志: 82a56292
// 重构日志: f812b855
// 重构日志: c0b96f51
// 同步 ID: 9cd226cc @ Thu Jul 23 16:25:26 UTC 2026
// 同步 ID: 84b56bfa @ Sun Jul 26 13:17:36 UTC 2026
// 同步 ID: cdd07870 @ Sun Jul 26 17:06:20 UTC 2026
// 重构日志: 3270ca35
// 重构日志: 85227848
// 同步 ID: 8bdc1033 @ Tue Jul 28 21:43:34 UTC 2026
// 同步 ID: 8252c5dc @ Thu Jul 30 17:01:28 UTC 2026
// 同步 ID: 09c37c93 @ Thu Jul 30 21:20:47 UTC 2026
// 同步 ID: f72592c6 @ Sun Aug  2 11:29:06 UTC 2026
// 同步 ID: 0dd7d959 @ Sun Aug  2 16:28:30 UTC 2026
// 同步 ID: 73e10f5d @ Sun Aug  2 17:46:34 UTC 2026
// 重构日志: 5f704391
